Welcome to ShopaMocha,
Customer  0, Name: personC, Age: 53, Looking for: Candle
